<?xml version="1.0" encoding="UTF-8"?>
<TestRun id="52b98fd0-27bb-4119-af92-2b444f4f7fb1" name="ben.crinion@SAGE010582 2011-12-19 15:40:46" runUser="SAGEUKIE\ben.crinion" xmlns="http://microsoft.com/schemas/VisualStudio/TeamTest/2010">
  <TestSettings name="Local" id="ef149f74-4c5a-4e1f-87b8-a5e79c997f90">
    <Description>These are default test settings for a local test run.</Description>
    <Deployment enabled="false" runDeploymentRoot="ben.crinion_SAGE010582 2011-12-19 15_40_46">
      <DeploymentItem filename="c:\users\ben.crinion\documents\visual studio 2010\Projects\LotteryConsoleApp\LotteryLibrary\bin\Debug\LotteryLibrary.dll" />
    </Deployment>
    <Execution>
      <TestTypeSpecific />
      <AgentRule name="Execution Agents">
      </AgentRule>
    </Execution>
  </TestSettings>
  <Times creation="2011-12-19T15:40:46.3422717+00:00" queuing="2011-12-19T15:40:46.5252717+00:00" start="2011-12-19T15:40:46.5572717+00:00" finish="2011-12-19T15:40:49.8932717+00:00" />
  <ResultSummary outcome="Completed">
    <Counters total="1" executed="1" passed="1" error="0" failed="0" timeout="0" aborted="0" inconclusive="0" passedButRunAborted="0" notRunnable="0" notExecuted="0" disconnected="0" warning="0" completed="0" inProgress="0" pending="0" />
  </ResultSummary>
  <TestDefinitions>
    <UnitTest name="LoadAllDrawsTest" storage="c:\users\ben.crinion\documents\visual studio 2010\projects\lotteryconsoleapp\lottolibrary.test\bin\debug\lottolibrary.test.dll" id="41010dad-1f69-61f2-4f81-1da59e142c9b">
      <Execution id="072204b7-2941-4d64-acfe-6639bb8fd79a" />
      <TestMethod codeBase="c:/users/ben.crinion/documents/visual studio 2010/Projects/LotteryConsoleApp/LottoLibrary.Test/bin/Debug/LottoLibrary.Test.DLL" adapterTypeName="Microsoft.VisualStudio.TestTools.TestTypes.Unit.UnitTestAdapter, Microsoft.VisualStudio.QualityTools.Tips.UnitTest.Adapter, Version=10.0.0.0, Culture=neutral, PublicKeyToken=b03f5f7f11d50a3a" className="LottoLibrary.Test.ILottoCollectionTest, LottoLibrary.Test, Version=1.0.0.0, Culture=neutral, PublicKeyToken=null" name="LoadAllDrawsTest" />
    </UnitTest>
  </TestDefinitions>
  <TestLists>
    <TestList name="Results Not in a List" id="8c84fa94-04c1-424b-9868-57a2d4851a1d" />
    <TestList name="All Loaded Results" id="19431567-8539-422a-85d7-44ee4e166bda" />
  </TestLists>
  <TestEntries>
    <TestEntry testId="41010dad-1f69-61f2-4f81-1da59e142c9b" executionId="072204b7-2941-4d64-acfe-6639bb8fd79a" testListId="8c84fa94-04c1-424b-9868-57a2d4851a1d" />
  </TestEntries>
  <Results>
    <UnitTestResult executionId="072204b7-2941-4d64-acfe-6639bb8fd79a" testId="41010dad-1f69-61f2-4f81-1da59e142c9b" testName="LoadAllDrawsTest" computerName="SAGE010582" duration="00:00:02.9617903" startTime="2011-12-19T15:40:46.5662717+00:00" endTime="2011-12-19T15:40:49.8772717+00:00" testType="13cdc9d9-ddb5-4fa4-a97d-d965ccfc6d4b" outcome="Passed" testListId="8c84fa94-04c1-424b-9868-57a2d4851a1d" relativeResultsDirectory="072204b7-2941-4d64-acfe-6639bb8fd79a">
    </UnitTestResult>
  </Results>
</TestRun>