<?xml version="1.0" encoding="UTF-8"?>
<TestRun id="d38f83fb-fd82-462c-8619-581bcc35eaa8" name="ben.crinion@SAGE010582 2011-12-19 15:58:37" runUser="SAGEUKIE\ben.crinion" xmlns="http://microsoft.com/schemas/VisualStudio/TeamTest/2010">
  <TestSettings name="Local" id="ef149f74-4c5a-4e1f-87b8-a5e79c997f90">
    <Description>These are default test settings for a local test run.</Description>
    <Deployment enabled="false" runDeploymentRoot="ben.crinion_SAGE010582 2011-12-19 15_58_37">
      <DeploymentItem filename="c:\users\ben.crinion\documents\visual studio 2010\Projects\LotteryConsoleApp\LotteryLibrary\bin\Debug\LotteryLibrary.dll" />
    </Deployment>
    <Execution>
      <TestTypeSpecific />
      <AgentRule name="Execution Agents">
      </AgentRule>
    </Execution>
  </TestSettings>
  <Times creation="2011-12-19T15:58:37.5702717+00:00" queuing="2011-12-19T15:58:37.6272717+00:00" start="2011-12-19T15:58:37.6322717+00:00" finish="2011-12-19T15:58:40.8112717+00:00" />
  <ResultSummary outcome="Failed">
    <Counters total="8" executed="8" passed="6" error="0" failed="2" timeout="0" aborted="0" inconclusive="0" passedButRunAborted="0" notRunnable="0" notExecuted="0" disconnected="0" warning="0" completed="0" inProgress="0" pending="0" />
  </ResultSummary>
  <TestDefinitions>
    <UnitTest name="LoadAllDrawsTest" storage="c:\users\ben.crinion\documents\visual studio 2010\projects\lotteryconsoleapp\lottolibrary.test\bin\debug\lottolibrary.test.dll" id="41010dad-1f69-61f2-4f81-1da59e142c9b">
      <Execution id="1805bb4b-4e85-4a4a-9218-7824e8a48819" />
      <TestMethod codeBase="c:/users/ben.crinion/documents/visual studio 2010/Projects/LotteryConsoleApp/LottoLibrary.Test/bin/Debug/LottoLibrary.Test.DLL" adapterTypeName="Microsoft.VisualStudio.TestTools.TestTypes.Unit.UnitTestAdapter, Microsoft.VisualStudio.QualityTools.Tips.UnitTest.Adapter, Version=10.0.0.0, Culture=neutral, PublicKeyToken=b03f5f7f11d50a3a" className="LottoLibrary.Test.ILottoCollectionTest, LottoLibrary.Test, Version=1.0.0.0, Culture=neutral, PublicKeyToken=null" name="LoadAllDrawsTest" />
    </UnitTest>
    <UnitTest name="WinningNumbers" storage="c:\users\ben.crinion\documents\visual studio 2010\projects\lotteryconsoleapp\lottolibrary.test\bin\debug\lottolibrary.test.dll" id="b23c5a48-50df-e42d-b8f1-dd4c97cd1f14">
      <Execution id="696373a7-bb95-4602-8a36-c45172d15cd4" />
      <TestMethod codeBase="c:/users/ben.crinion/documents/visual studio 2010/Projects/LotteryConsoleApp/LottoLibrary.Test/bin/Debug/LottoLibrary.Test.DLL" adapterTypeName="Microsoft.VisualStudio.TestTools.TestTypes.Unit.UnitTestAdapter, Microsoft.VisualStudio.QualityTools.Tips.UnitTest.Adapter, Version=10.0.0.0, Culture=neutral, PublicKeyToken=b03f5f7f11d50a3a" className="LottoLibrary.Test.ILottoCollectionTest, LottoLibrary.Test, Version=1.0.0.0, Culture=neutral, PublicKeyToken=null" name="WinningNumbers" />
    </UnitTest>
    <UnitTest name="NotEnoughNumbers" storage="c:\users\ben.crinion\documents\visual studio 2010\projects\lotteryconsoleapp\lottolibrary.test\bin\debug\lottolibrary.test.dll" id="0bf5c479-8892-ecb9-5dd3-85785d297e7b">
      <Execution id="58333e35-bd4b-4926-9d4a-c29034ab8a13" />
      <TestMethod codeBase="c:/users/ben.crinion/documents/visual studio 2010/Projects/LotteryConsoleApp/LottoLibrary.Test/bin/Debug/LottoLibrary.Test.DLL" adapterTypeName="Microsoft.VisualStudio.TestTools.TestTypes.Unit.UnitTestAdapter, Microsoft.VisualStudio.QualityTools.Tips.UnitTest.Adapter, Version=10.0.0.0, Culture=neutral, PublicKeyToken=b03f5f7f11d50a3a" className="LottoLibrary.Test.ILottoCollectionTest, LottoLibrary.Test, Version=1.0.0.0, Culture=neutral, PublicKeyToken=null" name="NotEnoughNumbers" />
    </UnitTest>
    <UnitTest name="NumbersTooLow" storage="c:\users\ben.crinion\documents\visual studio 2010\projects\lotteryconsoleapp\lottolibrary.test\bin\debug\lottolibrary.test.dll" id="202e97fb-f7c2-a2f3-69e9-33ccb936ff8d">
      <Execution id="772691ff-2ccd-4daa-93c1-e7649cd207bf" />
      <TestMethod codeBase="c:/users/ben.crinion/documents/visual studio 2010/Projects/LotteryConsoleApp/LottoLibrary.Test/bin/Debug/LottoLibrary.Test.DLL" adapterTypeName="Microsoft.VisualStudio.TestTools.TestTypes.Unit.UnitTestAdapter, Microsoft.VisualStudio.QualityTools.Tips.UnitTest.Adapter, Version=10.0.0.0, Culture=neutral, PublicKeyToken=b03f5f7f11d50a3a" className="LottoLibrary.Test.ILottoCollectionTest, LottoLibrary.Test, Version=1.0.0.0, Culture=neutral, PublicKeyToken=null" name="NumbersTooLow" />
    </UnitTest>
    <UnitTest name="TooManyNumbers" storage="c:\users\ben.crinion\documents\visual studio 2010\projects\lotteryconsoleapp\lottolibrary.test\bin\debug\lottolibrary.test.dll" id="058bc887-496a-f62c-2e6e-b08a3a4e48f7">
      <Execution id="d74694e1-c81a-4814-9c88-aa0678fcdec2" />
      <TestMethod codeBase="c:/users/ben.crinion/documents/visual studio 2010/Projects/LotteryConsoleApp/LottoLibrary.Test/bin/Debug/LottoLibrary.Test.DLL" adapterTypeName="Microsoft.VisualStudio.TestTools.TestTypes.Unit.UnitTestAdapter, Microsoft.VisualStudio.QualityTools.Tips.UnitTest.Adapter, Version=10.0.0.0, Culture=neutral, PublicKeyToken=b03f5f7f11d50a3a" className="LottoLibrary.Test.ILottoCollectionTest, LottoLibrary.Test, Version=1.0.0.0, Culture=neutral, PublicKeyToken=null" name="TooManyNumbers" />
    </UnitTest>
    <UnitTest name="LoosingNumbers" storage="c:\users\ben.crinion\documents\visual studio 2010\projects\lotteryconsoleapp\lottolibrary.test\bin\debug\lottolibrary.test.dll" id="553ae75a-d97b-cc48-ce03-76d4cfbaf8df">
      <Execution id="8174f1fd-7959-43bb-b6ca-459a7f24bb4f" />
      <TestMethod codeBase="c:/users/ben.crinion/documents/visual studio 2010/Projects/LotteryConsoleApp/LottoLibrary.Test/bin/Debug/LottoLibrary.Test.DLL" adapterTypeName="Microsoft.VisualStudio.TestTools.TestTypes.Unit.UnitTestAdapter, Microsoft.VisualStudio.QualityTools.Tips.UnitTest.Adapter, Version=10.0.0.0, Culture=neutral, PublicKeyToken=b03f5f7f11d50a3a" className="LottoLibrary.Test.ILottoCollectionTest, LottoLibrary.Test, Version=1.0.0.0, Culture=neutral, PublicKeyToken=null" name="LoosingNumbers" />
    </UnitTest>
    <UnitTest name="NumbersTooHigh" storage="c:\users\ben.crinion\documents\visual studio 2010\projects\lotteryconsoleapp\lottolibrary.test\bin\debug\lottolibrary.test.dll" id="dde654c9-9fbc-bb1f-941d-3c1d7204e476">
      <Execution id="919731a4-d7b7-4dca-af53-f9699116b6e1" />
      <TestMethod codeBase="c:/users/ben.crinion/documents/visual studio 2010/Projects/LotteryConsoleApp/LottoLibrary.Test/bin/Debug/LottoLibrary.Test.DLL" adapterTypeName="Microsoft.VisualStudio.TestTools.TestTypes.Unit.UnitTestAdapter, Microsoft.VisualStudio.QualityTools.Tips.UnitTest.Adapter, Version=10.0.0.0, Culture=neutral, PublicKeyToken=b03f5f7f11d50a3a" className="LottoLibrary.Test.ILottoCollectionTest, LottoLibrary.Test, Version=1.0.0.0, Culture=neutral, PublicKeyToken=null" name="NumbersTooHigh" />
    </UnitTest>
    <UnitTest name="NotUniqueNumbers" storage="c:\users\ben.crinion\documents\visual studio 2010\projects\lotteryconsoleapp\lottolibrary.test\bin\debug\lottolibrary.test.dll" id="59af4567-ed2f-c98d-3d92-a1658e2751e8">
      <Execution id="8a7c4751-e312-423f-ba9e-de0b04c4b663" />
      <TestMethod codeBase="c:/users/ben.crinion/documents/visual studio 2010/Projects/LotteryConsoleApp/LottoLibrary.Test/bin/Debug/LottoLibrary.Test.DLL" adapterTypeName="Microsoft.VisualStudio.TestTools.TestTypes.Unit.UnitTestAdapter, Microsoft.VisualStudio.QualityTools.Tips.UnitTest.Adapter, Version=10.0.0.0, Culture=neutral, PublicKeyToken=b03f5f7f11d50a3a" className="LottoLibrary.Test.ILottoCollectionTest, LottoLibrary.Test, Version=1.0.0.0, Culture=neutral, PublicKeyToken=null" name="NotUniqueNumbers" />
    </UnitTest>
  </TestDefinitions>
  <TestLists>
    <TestList name="Results Not in a List" id="8c84fa94-04c1-424b-9868-57a2d4851a1d" />
    <TestList name="All Loaded Results" id="19431567-8539-422a-85d7-44ee4e166bda" />
  </TestLists>
  <TestEntries>
    <TestEntry testId="058bc887-496a-f62c-2e6e-b08a3a4e48f7" executionId="d74694e1-c81a-4814-9c88-aa0678fcdec2" testListId="8c84fa94-04c1-424b-9868-57a2d4851a1d" />
    <TestEntry testId="0bf5c479-8892-ecb9-5dd3-85785d297e7b" executionId="58333e35-bd4b-4926-9d4a-c29034ab8a13" testListId="8c84fa94-04c1-424b-9868-57a2d4851a1d" />
    <TestEntry testId="202e97fb-f7c2-a2f3-69e9-33ccb936ff8d" executionId="772691ff-2ccd-4daa-93c1-e7649cd207bf" testListId="8c84fa94-04c1-424b-9868-57a2d4851a1d" />
    <TestEntry testId="41010dad-1f69-61f2-4f81-1da59e142c9b" executionId="1805bb4b-4e85-4a4a-9218-7824e8a48819" testListId="8c84fa94-04c1-424b-9868-57a2d4851a1d" />
    <TestEntry testId="553ae75a-d97b-cc48-ce03-76d4cfbaf8df" executionId="8174f1fd-7959-43bb-b6ca-459a7f24bb4f" testListId="8c84fa94-04c1-424b-9868-57a2d4851a1d" />
    <TestEntry testId="59af4567-ed2f-c98d-3d92-a1658e2751e8" executionId="8a7c4751-e312-423f-ba9e-de0b04c4b663" testListId="8c84fa94-04c1-424b-9868-57a2d4851a1d" />
    <TestEntry testId="b23c5a48-50df-e42d-b8f1-dd4c97cd1f14" executionId="696373a7-bb95-4602-8a36-c45172d15cd4" testListId="8c84fa94-04c1-424b-9868-57a2d4851a1d" />
    <TestEntry testId="dde654c9-9fbc-bb1f-941d-3c1d7204e476" executionId="919731a4-d7b7-4dca-af53-f9699116b6e1" testListId="8c84fa94-04c1-424b-9868-57a2d4851a1d" />
  </TestEntries>
  <Results>
    <UnitTestResult executionId="d74694e1-c81a-4814-9c88-aa0678fcdec2" testId="058bc887-496a-f62c-2e6e-b08a3a4e48f7" testName="TooManyNumbers" computerName="SAGE010582" duration="00:00:00.0140061" startTime="2011-12-19T15:58:37.6342717+00:00" endTime="2011-12-19T15:58:37.8712717+00:00" testType="13cdc9d9-ddb5-4fa4-a97d-d965ccfc6d4b" outcome="Passed" testListId="8c84fa94-04c1-424b-9868-57a2d4851a1d" relativeResultsDirectory="d74694e1-c81a-4814-9c88-aa0678fcdec2">
    </UnitTestResult>
    <UnitTestResult executionId="58333e35-bd4b-4926-9d4a-c29034ab8a13" testId="0bf5c479-8892-ecb9-5dd3-85785d297e7b" testName="NotEnoughNumbers" computerName="SAGE010582" duration="00:00:00.0004341" startTime="2011-12-19T15:58:37.8722717+00:00" endTime="2011-12-19T15:58:37.8762717+00:00" testType="13cdc9d9-ddb5-4fa4-a97d-d965ccfc6d4b" outcome="Passed" testListId="8c84fa94-04c1-424b-9868-57a2d4851a1d" relativeResultsDirectory="58333e35-bd4b-4926-9d4a-c29034ab8a13">
    </UnitTestResult>
    <UnitTestResult executionId="772691ff-2ccd-4daa-93c1-e7649cd207bf" testId="202e97fb-f7c2-a2f3-69e9-33ccb936ff8d" testName="NumbersTooLow" computerName="SAGE010582" duration="00:00:00.0005565" startTime="2011-12-19T15:58:37.8792717+00:00" endTime="2011-12-19T15:58:37.8822717+00:00" testType="13cdc9d9-ddb5-4fa4-a97d-d965ccfc6d4b" outcome="Passed" testListId="8c84fa94-04c1-424b-9868-57a2d4851a1d" relativeResultsDirectory="772691ff-2ccd-4daa-93c1-e7649cd207bf">
    </UnitTestResult>
    <UnitTestResult executionId="1805bb4b-4e85-4a4a-9218-7824e8a48819" testId="41010dad-1f69-61f2-4f81-1da59e142c9b" testName="LoadAllDrawsTest" computerName="SAGE010582" duration="00:00:02.8838161" startTime="2011-12-19T15:58:37.8842717+00:00" endTime="2011-12-19T15:58:40.7702717+00:00" testType="13cdc9d9-ddb5-4fa4-a97d-d965ccfc6d4b" outcome="Passed" testListId="8c84fa94-04c1-424b-9868-57a2d4851a1d" relativeResultsDirectory="1805bb4b-4e85-4a4a-9218-7824e8a48819">
    </UnitTestResult>
    <UnitTestResult executionId="8174f1fd-7959-43bb-b6ca-459a7f24bb4f" testId="553ae75a-d97b-cc48-ce03-76d4cfbaf8df" testName="LoosingNumbers" computerName="SAGE010582" duration="00:00:00.0134717" startTime="2011-12-19T15:58:40.7712717+00:00" endTime="2011-12-19T15:58:40.7872717+00:00" testType="13cdc9d9-ddb5-4fa4-a97d-d965ccfc6d4b" outcome="Failed" testListId="8c84fa94-04c1-424b-9868-57a2d4851a1d" relativeResultsDirectory="8174f1fd-7959-43bb-b6ca-459a7f24bb4f">
      <Output>
        <ErrorInfo>
          <Message>Test method LottoLibrary.Test.ILottoCollectionTest.LoosingNumbers threw exception: 
System.NotImplementedException: The method or operation is not implemented.</Message>
          <StackTrace>    at LotteryLibrary.HistorcalDraws.CheckNumbers(IEnumerable`1 numbers) in c:\users\ben.crinion\documents\visual studio 2010\Projects\LotteryConsoleApp\LotteryLibrary\HistorcalDraws.cs:line 80
   at LottoLibrary.Test.ILottoCollectionTest.LoosingNumbers() in c:\users\ben.crinion\documents\visual studio 2010\Projects\LotteryConsoleApp\LottoLibrary.Test\ILottoCollectionTest.cs:line 116
</StackTrace>
        </ErrorInfo>
      </Output>
    </UnitTestResult>
    <UnitTestResult executionId="8a7c4751-e312-423f-ba9e-de0b04c4b663" testId="59af4567-ed2f-c98d-3d92-a1658e2751e8" testName="NotUniqueNumbers" computerName="SAGE010582" duration="00:00:00.0004470" startTime="2011-12-19T15:58:40.7882717+00:00" endTime="2011-12-19T15:58:40.7902717+00:00" testType="13cdc9d9-ddb5-4fa4-a97d-d965ccfc6d4b" outcome="Passed" testListId="8c84fa94-04c1-424b-9868-57a2d4851a1d" relativeResultsDirectory="8a7c4751-e312-423f-ba9e-de0b04c4b663">
    </UnitTestResult>
    <UnitTestResult executionId="696373a7-bb95-4602-8a36-c45172d15cd4" testId="b23c5a48-50df-e42d-b8f1-dd4c97cd1f14" testName="WinningNumbers" computerName="SAGE010582" duration="00:00:00.0012987" startTime="2011-12-19T15:58:40.7912717+00:00" endTime="2011-12-19T15:58:40.7962717+00:00" testType="13cdc9d9-ddb5-4fa4-a97d-d965ccfc6d4b" outcome="Failed" testListId="8c84fa94-04c1-424b-9868-57a2d4851a1d" relativeResultsDirectory="696373a7-bb95-4602-8a36-c45172d15cd4">
      <Output>
        <ErrorInfo>
          <Message>Test method LottoLibrary.Test.ILottoCollectionTest.WinningNumbers threw exception: 
System.NotImplementedException: The method or operation is not implemented.</Message>
          <StackTrace>    at LotteryLibrary.HistorcalDraws.CheckNumbers(IEnumerable`1 numbers) in c:\users\ben.crinion\documents\visual studio 2010\Projects\LotteryConsoleApp\LotteryLibrary\HistorcalDraws.cs:line 80
   at LottoLibrary.Test.ILottoCollectionTest.WinningNumbers() in c:\users\ben.crinion\documents\visual studio 2010\Projects\LotteryConsoleApp\LottoLibrary.Test\ILottoCollectionTest.cs:line 103
</StackTrace>
        </ErrorInfo>
      </Output>
    </UnitTestResult>
    <UnitTestResult executionId="919731a4-d7b7-4dca-af53-f9699116b6e1" testId="dde654c9-9fbc-bb1f-941d-3c1d7204e476" testName="NumbersTooHigh" computerName="SAGE010582" duration="00:00:00.0004725" startTime="2011-12-19T15:58:40.7972717+00:00" endTime="2011-12-19T15:58:40.8002717+00:00" testType="13cdc9d9-ddb5-4fa4-a97d-d965ccfc6d4b" outcome="Passed" testListId="8c84fa94-04c1-424b-9868-57a2d4851a1d" relativeResultsDirectory="919731a4-d7b7-4dca-af53-f9699116b6e1">
    </UnitTestResult>
  </Results>
</TestRun>