<?xml version="1.0" encoding="UTF-8"?>
<TestRun id="8fd57181-b3ec-40a4-b775-e442971130a4" name="ben.crinion@SAGE010582 2011-12-19 16:22:11" runUser="SAGEUKIE\ben.crinion" xmlns="http://microsoft.com/schemas/VisualStudio/TeamTest/2010">
  <TestSettings name="Local" id="ef149f74-4c5a-4e1f-87b8-a5e79c997f90">
    <Description>These are default test settings for a local test run.</Description>
    <Deployment enabled="false" runDeploymentRoot="ben.crinion_SAGE010582 2011-12-19 16_22_11">
      <DeploymentItem filename="c:\users\ben.crinion\documents\visual studio 2010\Projects\LotteryConsoleApp\LotteryLibrary\bin\Debug\LotteryLibrary.dll" />
    </Deployment>
    <Execution>
      <TestTypeSpecific />
      <AgentRule name="Execution Agents">
      </AgentRule>
    </Execution>
  </TestSettings>
  <Times creation="2011-12-19T16:22:11.1502717+00:00" queuing="2011-12-19T16:22:11.2432717+00:00" start="2011-12-19T16:22:11.2642717+00:00" finish="2011-12-19T16:22:23.5292717+00:00" />
  <ResultSummary outcome="Failed">
    <Counters total="10" executed="10" passed="9" error="0" failed="1" timeout="0" aborted="0" inconclusive="0" passedButRunAborted="0" notRunnable="0" notExecuted="0" disconnected="0" warning="0" completed="0" inProgress="0" pending="0" />
  </ResultSummary>
  <TestDefinitions>
    <UnitTest name="LoadAllDrawsTest" storage="c:\users\ben.crinion\documents\visual studio 2010\projects\lotteryconsoleapp\lottolibrary.test\bin\debug\lottolibrary.test.dll" id="41010dad-1f69-61f2-4f81-1da59e142c9b">
      <Execution id="7d647c9b-37b5-42dd-8c9d-1da6c1e53f0b" />
      <TestMethod codeBase="c:/users/ben.crinion/documents/visual studio 2010/Projects/LotteryConsoleApp/LottoLibrary.Test/bin/Debug/LottoLibrary.Test.DLL" adapterTypeName="Microsoft.VisualStudio.TestTools.TestTypes.Unit.UnitTestAdapter, Microsoft.VisualStudio.QualityTools.Tips.UnitTest.Adapter, Version=10.0.0.0, Culture=neutral, PublicKeyToken=b03f5f7f11d50a3a" className="LottoLibrary.Test.ILottoCollectionTest, LottoLibrary.Test, Version=1.0.0.0, Culture=neutral, PublicKeyToken=null" name="LoadAllDrawsTest" />
    </UnitTest>
    <UnitTest name="NotInitialised" storage="c:\users\ben.crinion\documents\visual studio 2010\projects\lotteryconsoleapp\lottolibrary.test\bin\debug\lottolibrary.test.dll" id="5a683157-0afc-bdff-b16c-8f6692afdee2">
      <Execution id="73466207-ee12-4551-be89-d9a947fbdf31" />
      <TestMethod codeBase="c:/users/ben.crinion/documents/visual studio 2010/Projects/LotteryConsoleApp/LottoLibrary.Test/bin/Debug/LottoLibrary.Test.DLL" adapterTypeName="Microsoft.VisualStudio.TestTools.TestTypes.Unit.UnitTestAdapter, Microsoft.VisualStudio.QualityTools.Tips.UnitTest.Adapter, Version=10.0.0.0, Culture=neutral, PublicKeyToken=b03f5f7f11d50a3a" className="LottoLibrary.Test.ILottoCollectionTest, LottoLibrary.Test, Version=1.0.0.0, Culture=neutral, PublicKeyToken=null" name="NotInitialised" />
    </UnitTest>
    <UnitTest name="NotEnoughNumbers" storage="c:\users\ben.crinion\documents\visual studio 2010\projects\lotteryconsoleapp\lottolibrary.test\bin\debug\lottolibrary.test.dll" id="0bf5c479-8892-ecb9-5dd3-85785d297e7b">
      <Execution id="25a0b188-2b64-4c89-9485-381b8b747f6d" />
      <TestMethod codeBase="c:/users/ben.crinion/documents/visual studio 2010/Projects/LotteryConsoleApp/LottoLibrary.Test/bin/Debug/LottoLibrary.Test.DLL" adapterTypeName="Microsoft.VisualStudio.TestTools.TestTypes.Unit.UnitTestAdapter, Microsoft.VisualStudio.QualityTools.Tips.UnitTest.Adapter, Version=10.0.0.0, Culture=neutral, PublicKeyToken=b03f5f7f11d50a3a" className="LottoLibrary.Test.ILottoCollectionTest, LottoLibrary.Test, Version=1.0.0.0, Culture=neutral, PublicKeyToken=null" name="NotEnoughNumbers" />
    </UnitTest>
    <UnitTest name="NumbersTooLow" storage="c:\users\ben.crinion\documents\visual studio 2010\projects\lotteryconsoleapp\lottolibrary.test\bin\debug\lottolibrary.test.dll" id="202e97fb-f7c2-a2f3-69e9-33ccb936ff8d">
      <Execution id="44fbd226-6458-4175-9e0d-67621b849aeb" />
      <TestMethod codeBase="c:/users/ben.crinion/documents/visual studio 2010/Projects/LotteryConsoleApp/LottoLibrary.Test/bin/Debug/LottoLibrary.Test.DLL" adapterTypeName="Microsoft.VisualStudio.TestTools.TestTypes.Unit.UnitTestAdapter, Microsoft.VisualStudio.QualityTools.Tips.UnitTest.Adapter, Version=10.0.0.0, Culture=neutral, PublicKeyToken=b03f5f7f11d50a3a" className="LottoLibrary.Test.ILottoCollectionTest, LottoLibrary.Test, Version=1.0.0.0, Culture=neutral, PublicKeyToken=null" name="NumbersTooLow" />
    </UnitTest>
    <UnitTest name="TooManyNumbers" storage="c:\users\ben.crinion\documents\visual studio 2010\projects\lotteryconsoleapp\lottolibrary.test\bin\debug\lottolibrary.test.dll" id="058bc887-496a-f62c-2e6e-b08a3a4e48f7">
      <Execution id="515c4a2a-908a-4bcf-be39-86fe1da741bf" />
      <TestMethod codeBase="c:/users/ben.crinion/documents/visual studio 2010/Projects/LotteryConsoleApp/LottoLibrary.Test/bin/Debug/LottoLibrary.Test.DLL" adapterTypeName="Microsoft.VisualStudio.TestTools.TestTypes.Unit.UnitTestAdapter, Microsoft.VisualStudio.QualityTools.Tips.UnitTest.Adapter, Version=10.0.0.0, Culture=neutral, PublicKeyToken=b03f5f7f11d50a3a" className="LottoLibrary.Test.ILottoCollectionTest, LottoLibrary.Test, Version=1.0.0.0, Culture=neutral, PublicKeyToken=null" name="TooManyNumbers" />
    </UnitTest>
    <UnitTest name="NoJackpotNumbers" storage="c:\users\ben.crinion\documents\visual studio 2010\projects\lotteryconsoleapp\lottolibrary.test\bin\debug\lottolibrary.test.dll" id="1ee392f4-6e31-7870-0d0d-75ac6d114858">
      <Execution id="82ae5dfc-b61f-4f22-93af-7bfd85915c94" />
      <TestMethod codeBase="c:/users/ben.crinion/documents/visual studio 2010/Projects/LotteryConsoleApp/LottoLibrary.Test/bin/Debug/LottoLibrary.Test.DLL" adapterTypeName="Microsoft.VisualStudio.TestTools.TestTypes.Unit.UnitTestAdapter, Microsoft.VisualStudio.QualityTools.Tips.UnitTest.Adapter, Version=10.0.0.0, Culture=neutral, PublicKeyToken=b03f5f7f11d50a3a" className="LottoLibrary.Test.ILottoCollectionTest, LottoLibrary.Test, Version=1.0.0.0, Culture=neutral, PublicKeyToken=null" name="NoJackpotNumbers" />
    </UnitTest>
    <UnitTest name="JackpotWinningNumbers" storage="c:\users\ben.crinion\documents\visual studio 2010\projects\lotteryconsoleapp\lottolibrary.test\bin\debug\lottolibrary.test.dll" id="eee311c0-4f78-1d7e-9065-58f84daea136">
      <Execution id="eb6b85f3-c034-4511-9f93-09eb5034f02a" />
      <TestMethod codeBase="c:/users/ben.crinion/documents/visual studio 2010/Projects/LotteryConsoleApp/LottoLibrary.Test/bin/Debug/LottoLibrary.Test.DLL" adapterTypeName="Microsoft.VisualStudio.TestTools.TestTypes.Unit.UnitTestAdapter, Microsoft.VisualStudio.QualityTools.Tips.UnitTest.Adapter, Version=10.0.0.0, Culture=neutral, PublicKeyToken=b03f5f7f11d50a3a" className="LottoLibrary.Test.ILottoCollectionTest, LottoLibrary.Test, Version=1.0.0.0, Culture=neutral, PublicKeyToken=null" name="JackpotWinningNumbers" />
    </UnitTest>
    <UnitTest name="NotUniqueNumbers" storage="c:\users\ben.crinion\documents\visual studio 2010\projects\lotteryconsoleapp\lottolibrary.test\bin\debug\lottolibrary.test.dll" id="59af4567-ed2f-c98d-3d92-a1658e2751e8">
      <Execution id="2bba4a9a-9fc3-4271-ba2f-67cb3dc0f836" />
      <TestMethod codeBase="c:/users/ben.crinion/documents/visual studio 2010/Projects/LotteryConsoleApp/LottoLibrary.Test/bin/Debug/LottoLibrary.Test.DLL" adapterTypeName="Microsoft.VisualStudio.TestTools.TestTypes.Unit.UnitTestAdapter, Microsoft.VisualStudio.QualityTools.Tips.UnitTest.Adapter, Version=10.0.0.0, Culture=neutral, PublicKeyToken=b03f5f7f11d50a3a" className="LottoLibrary.Test.ILottoCollectionTest, LottoLibrary.Test, Version=1.0.0.0, Culture=neutral, PublicKeyToken=null" name="NotUniqueNumbers" />
    </UnitTest>
    <UnitTest name="NumbersTooHigh" storage="c:\users\ben.crinion\documents\visual studio 2010\projects\lotteryconsoleapp\lottolibrary.test\bin\debug\lottolibrary.test.dll" id="dde654c9-9fbc-bb1f-941d-3c1d7204e476">
      <Execution id="50987956-ad96-4ff7-9527-e9378b39e83d" />
      <TestMethod codeBase="c:/users/ben.crinion/documents/visual studio 2010/Projects/LotteryConsoleApp/LottoLibrary.Test/bin/Debug/LottoLibrary.Test.DLL" adapterTypeName="Microsoft.VisualStudio.TestTools.TestTypes.Unit.UnitTestAdapter, Microsoft.VisualStudio.QualityTools.Tips.UnitTest.Adapter, Version=10.0.0.0, Culture=neutral, PublicKeyToken=b03f5f7f11d50a3a" className="LottoLibrary.Test.ILottoCollectionTest, LottoLibrary.Test, Version=1.0.0.0, Culture=neutral, PublicKeyToken=null" name="NumbersTooHigh" />
    </UnitTest>
    <UnitTest name="WinsAnythingWithJackpotWinningNumbers" storage="c:\users\ben.crinion\documents\visual studio 2010\projects\lotteryconsoleapp\lottolibrary.test\bin\debug\lottolibrary.test.dll" id="596ca0d1-2651-e990-55d4-1e55613610f2">
      <Execution id="cbaf6058-1246-4c9d-9741-b19249bda13c" />
      <TestMethod codeBase="c:/users/ben.crinion/documents/visual studio 2010/Projects/LotteryConsoleApp/LottoLibrary.Test/bin/Debug/LottoLibrary.Test.DLL" adapterTypeName="Microsoft.VisualStudio.TestTools.TestTypes.Unit.UnitTestAdapter, Microsoft.VisualStudio.QualityTools.Tips.UnitTest.Adapter, Version=10.0.0.0, Culture=neutral, PublicKeyToken=b03f5f7f11d50a3a" className="LottoLibrary.Test.ILottoCollectionTest, LottoLibrary.Test, Version=1.0.0.0, Culture=neutral, PublicKeyToken=null" name="WinsAnythingWithJackpotWinningNumbers" />
    </UnitTest>
  </TestDefinitions>
  <TestLists>
    <TestList name="Results Not in a List" id="8c84fa94-04c1-424b-9868-57a2d4851a1d" />
    <TestList name="All Loaded Results" id="19431567-8539-422a-85d7-44ee4e166bda" />
  </TestLists>
  <TestEntries>
    <TestEntry testId="058bc887-496a-f62c-2e6e-b08a3a4e48f7" executionId="515c4a2a-908a-4bcf-be39-86fe1da741bf" testListId="8c84fa94-04c1-424b-9868-57a2d4851a1d" />
    <TestEntry testId="0bf5c479-8892-ecb9-5dd3-85785d297e7b" executionId="25a0b188-2b64-4c89-9485-381b8b747f6d" testListId="8c84fa94-04c1-424b-9868-57a2d4851a1d" />
    <TestEntry testId="1ee392f4-6e31-7870-0d0d-75ac6d114858" executionId="82ae5dfc-b61f-4f22-93af-7bfd85915c94" testListId="8c84fa94-04c1-424b-9868-57a2d4851a1d" />
    <TestEntry testId="202e97fb-f7c2-a2f3-69e9-33ccb936ff8d" executionId="44fbd226-6458-4175-9e0d-67621b849aeb" testListId="8c84fa94-04c1-424b-9868-57a2d4851a1d" />
    <TestEntry testId="41010dad-1f69-61f2-4f81-1da59e142c9b" executionId="7d647c9b-37b5-42dd-8c9d-1da6c1e53f0b" testListId="8c84fa94-04c1-424b-9868-57a2d4851a1d" />
    <TestEntry testId="596ca0d1-2651-e990-55d4-1e55613610f2" executionId="cbaf6058-1246-4c9d-9741-b19249bda13c" testListId="8c84fa94-04c1-424b-9868-57a2d4851a1d" />
    <TestEntry testId="59af4567-ed2f-c98d-3d92-a1658e2751e8" executionId="2bba4a9a-9fc3-4271-ba2f-67cb3dc0f836" testListId="8c84fa94-04c1-424b-9868-57a2d4851a1d" />
    <TestEntry testId="5a683157-0afc-bdff-b16c-8f6692afdee2" executionId="73466207-ee12-4551-be89-d9a947fbdf31" testListId="8c84fa94-04c1-424b-9868-57a2d4851a1d" />
    <TestEntry testId="dde654c9-9fbc-bb1f-941d-3c1d7204e476" executionId="50987956-ad96-4ff7-9527-e9378b39e83d" testListId="8c84fa94-04c1-424b-9868-57a2d4851a1d" />
    <TestEntry testId="eee311c0-4f78-1d7e-9065-58f84daea136" executionId="eb6b85f3-c034-4511-9f93-09eb5034f02a" testListId="8c84fa94-04c1-424b-9868-57a2d4851a1d" />
  </TestEntries>
  <Results>
    <UnitTestResult executionId="515c4a2a-908a-4bcf-be39-86fe1da741bf" testId="058bc887-496a-f62c-2e6e-b08a3a4e48f7" testName="TooManyNumbers" computerName="SAGE010582" duration="00:00:00.0144257" startTime="2011-12-19T16:22:11.2662717+00:00" endTime="2011-12-19T16:22:11.5072717+00:00" testType="13cdc9d9-ddb5-4fa4-a97d-d965ccfc6d4b" outcome="Passed" testListId="8c84fa94-04c1-424b-9868-57a2d4851a1d" relativeResultsDirectory="515c4a2a-908a-4bcf-be39-86fe1da741bf">
    </UnitTestResult>
    <UnitTestResult executionId="25a0b188-2b64-4c89-9485-381b8b747f6d" testId="0bf5c479-8892-ecb9-5dd3-85785d297e7b" testName="NotEnoughNumbers" computerName="SAGE010582" duration="00:00:00.0004413" startTime="2011-12-19T16:22:11.5082717+00:00" endTime="2011-12-19T16:22:11.5122717+00:00" testType="13cdc9d9-ddb5-4fa4-a97d-d965ccfc6d4b" outcome="Passed" testListId="8c84fa94-04c1-424b-9868-57a2d4851a1d" relativeResultsDirectory="25a0b188-2b64-4c89-9485-381b8b747f6d">
    </UnitTestResult>
    <UnitTestResult executionId="82ae5dfc-b61f-4f22-93af-7bfd85915c94" testId="1ee392f4-6e31-7870-0d0d-75ac6d114858" testName="NoJackpotNumbers" computerName="SAGE010582" duration="00:00:02.9263952" startTime="2011-12-19T16:22:11.5132717+00:00" endTime="2011-12-19T16:22:14.4412717+00:00" testType="13cdc9d9-ddb5-4fa4-a97d-d965ccfc6d4b" outcome="Passed" testListId="8c84fa94-04c1-424b-9868-57a2d4851a1d" relativeResultsDirectory="82ae5dfc-b61f-4f22-93af-7bfd85915c94">
    </UnitTestResult>
    <UnitTestResult executionId="44fbd226-6458-4175-9e0d-67621b849aeb" testId="202e97fb-f7c2-a2f3-69e9-33ccb936ff8d" testName="NumbersTooLow" computerName="SAGE010582" duration="00:00:00.0005177" startTime="2011-12-19T16:22:14.4432717+00:00" endTime="2011-12-19T16:22:14.4462717+00:00" testType="13cdc9d9-ddb5-4fa4-a97d-d965ccfc6d4b" outcome="Passed" testListId="8c84fa94-04c1-424b-9868-57a2d4851a1d" relativeResultsDirectory="44fbd226-6458-4175-9e0d-67621b849aeb">
    </UnitTestResult>
    <UnitTestResult executionId="7d647c9b-37b5-42dd-8c9d-1da6c1e53f0b" testId="41010dad-1f69-61f2-4f81-1da59e142c9b" testName="LoadAllDrawsTest" computerName="SAGE010582" duration="00:00:02.9733191" startTime="2011-12-19T16:22:14.4482717+00:00" endTime="2011-12-19T16:22:17.4232717+00:00" testType="13cdc9d9-ddb5-4fa4-a97d-d965ccfc6d4b" outcome="Passed" testListId="8c84fa94-04c1-424b-9868-57a2d4851a1d" relativeResultsDirectory="7d647c9b-37b5-42dd-8c9d-1da6c1e53f0b">
    </UnitTestResult>
    <UnitTestResult executionId="cbaf6058-1246-4c9d-9741-b19249bda13c" testId="596ca0d1-2651-e990-55d4-1e55613610f2" testName="WinsAnythingWithJackpotWinningNumbers" computerName="SAGE010582" duration="00:00:02.9622151" startTime="2011-12-19T16:22:17.4242717+00:00" endTime="2011-12-19T16:22:20.3902717+00:00" testType="13cdc9d9-ddb5-4fa4-a97d-d965ccfc6d4b" outcome="Failed" testListId="8c84fa94-04c1-424b-9868-57a2d4851a1d" relativeResultsDirectory="cbaf6058-1246-4c9d-9741-b19249bda13c">
      <Output>
        <ErrorInfo>
          <Message>Test method LottoLibrary.Test.ILottoCollectionTest.WinsAnythingWithJackpotWinningNumbers threw exception: 
System.NotImplementedException: The method or operation is not implemented.</Message>
          <StackTrace>    at LotteryLibrary.LottoCollectionEnumerableImplementation.WinsAnything(IEnumerable`1 numbers) in c:\users\ben.crinion\documents\visual studio 2010\Projects\LotteryConsoleApp\LotteryLibrary\LottoCollectionEnumerableImplementation.cs:line 80
   at LottoLibrary.Test.ILottoCollectionTest.WinsAnythingWithJackpotWinningNumbers() in c:\users\ben.crinion\documents\visual studio 2010\Projects\LotteryConsoleApp\LottoLibrary.Test\ILottoCollectionTest.cs:line 114
</StackTrace>
        </ErrorInfo>
      </Output>
    </UnitTestResult>
    <UnitTestResult executionId="2bba4a9a-9fc3-4271-ba2f-67cb3dc0f836" testId="59af4567-ed2f-c98d-3d92-a1658e2751e8" testName="NotUniqueNumbers" computerName="SAGE010582" duration="00:00:00.0004563" startTime="2011-12-19T16:22:20.3912717+00:00" endTime="2011-12-19T16:22:20.3942717+00:00" testType="13cdc9d9-ddb5-4fa4-a97d-d965ccfc6d4b" outcome="Passed" testListId="8c84fa94-04c1-424b-9868-57a2d4851a1d" relativeResultsDirectory="2bba4a9a-9fc3-4271-ba2f-67cb3dc0f836">
    </UnitTestResult>
    <UnitTestResult executionId="73466207-ee12-4551-be89-d9a947fbdf31" testId="5a683157-0afc-bdff-b16c-8f6692afdee2" testName="NotInitialised" computerName="SAGE010582" duration="00:00:00.0005958" startTime="2011-12-19T16:22:20.3982717+00:00" endTime="2011-12-19T16:22:20.4042717+00:00" testType="13cdc9d9-ddb5-4fa4-a97d-d965ccfc6d4b" outcome="Passed" testListId="8c84fa94-04c1-424b-9868-57a2d4851a1d" relativeResultsDirectory="73466207-ee12-4551-be89-d9a947fbdf31">
    </UnitTestResult>
    <UnitTestResult executionId="50987956-ad96-4ff7-9527-e9378b39e83d" testId="dde654c9-9fbc-bb1f-941d-3c1d7204e476" testName="NumbersTooHigh" computerName="SAGE010582" duration="00:00:00.0004203" startTime="2011-12-19T16:22:20.4052717+00:00" endTime="2011-12-19T16:22:20.4082717+00:00" testType="13cdc9d9-ddb5-4fa4-a97d-d965ccfc6d4b" outcome="Passed" testListId="8c84fa94-04c1-424b-9868-57a2d4851a1d" relativeResultsDirectory="50987956-ad96-4ff7-9527-e9378b39e83d">
    </UnitTestResult>
    <UnitTestResult executionId="eb6b85f3-c034-4511-9f93-09eb5034f02a" testId="eee311c0-4f78-1d7e-9065-58f84daea136" testName="JackpotWinningNumbers" computerName="SAGE010582" duration="00:00:02.9473969" startTime="2011-12-19T16:22:20.4092717+00:00" endTime="2011-12-19T16:22:23.3592717+00:00" testType="13cdc9d9-ddb5-4fa4-a97d-d965ccfc6d4b" outcome="Passed" testListId="8c84fa94-04c1-424b-9868-57a2d4851a1d" relativeResultsDirectory="eb6b85f3-c034-4511-9f93-09eb5034f02a">
    </UnitTestResult>
  </Results>
</TestRun>