<?xml version="1.0" encoding="UTF-8"?>
<TestRun id="19b46e6c-bc93-427e-ba19-131afd503559" name="ben.crinion@SAGE010582 2011-12-19 16:53:22" runUser="SAGEUKIE\ben.crinion" xmlns="http://microsoft.com/schemas/VisualStudio/TeamTest/2010">
  <TestSettings name="Local" id="ef149f74-4c5a-4e1f-87b8-a5e79c997f90">
    <Description>These are default test settings for a local test run.</Description>
    <Deployment enabled="false" runDeploymentRoot="ben.crinion_SAGE010582 2011-12-19 16_53_22">
      <DeploymentItem filename="c:\users\ben.crinion\documents\visual studio 2010\Projects\LotteryConsoleApp\LotteryLibrary\bin\Debug\LotteryLibrary.dll" />
    </Deployment>
    <Execution>
      <TestTypeSpecific />
      <AgentRule name="Execution Agents">
      </AgentRule>
    </Execution>
  </TestSettings>
  <Times creation="2011-12-19T16:53:22.2026022+00:00" queuing="2011-12-19T16:53:22.2676087+00:00" start="2011-12-19T16:53:22.2736093+00:00" finish="2011-12-19T16:53:31.2955114+00:00" />
  <ResultSummary outcome="Completed">
    <Counters total="11" executed="11" passed="11" error="0" failed="0" timeout="0" aborted="0" inconclusive="0" passedButRunAborted="0" notRunnable="0" notExecuted="0" disconnected="0" warning="0" completed="0" inProgress="0" pending="0" />
  </ResultSummary>
  <TestDefinitions>
    <UnitTest name="LoadAllDrawsTest" storage="c:\users\ben.crinion\documents\visual studio 2010\projects\lotteryconsoleapp\lottolibrary.test\bin\debug\lottolibrary.test.dll" id="41010dad-1f69-61f2-4f81-1da59e142c9b">
      <Execution id="56eb1871-8488-466a-914c-786b5f14277e" />
      <TestMethod codeBase="c:/users/ben.crinion/documents/visual studio 2010/Projects/LotteryConsoleApp/LottoLibrary.Test/bin/Debug/LottoLibrary.Test.DLL" adapterTypeName="Microsoft.VisualStudio.TestTools.TestTypes.Unit.UnitTestAdapter, Microsoft.VisualStudio.QualityTools.Tips.UnitTest.Adapter, Version=10.0.0.0, Culture=neutral, PublicKeyToken=b03f5f7f11d50a3a" className="LottoLibrary.Test.ILottoCollectionTest, LottoLibrary.Test, Version=1.0.0.0, Culture=neutral, PublicKeyToken=null" name="LoadAllDrawsTest" />
    </UnitTest>
    <UnitTest name="NotInitialised" storage="c:\users\ben.crinion\documents\visual studio 2010\projects\lotteryconsoleapp\lottolibrary.test\bin\debug\lottolibrary.test.dll" id="5a683157-0afc-bdff-b16c-8f6692afdee2">
      <Execution id="58d1e824-faa5-41c8-8c5d-e27cece1da3c" />
      <TestMethod codeBase="c:/users/ben.crinion/documents/visual studio 2010/Projects/LotteryConsoleApp/LottoLibrary.Test/bin/Debug/LottoLibrary.Test.DLL" adapterTypeName="Microsoft.VisualStudio.TestTools.TestTypes.Unit.UnitTestAdapter, Microsoft.VisualStudio.QualityTools.Tips.UnitTest.Adapter, Version=10.0.0.0, Culture=neutral, PublicKeyToken=b03f5f7f11d50a3a" className="LottoLibrary.Test.ILottoCollectionTest, LottoLibrary.Test, Version=1.0.0.0, Culture=neutral, PublicKeyToken=null" name="NotInitialised" />
    </UnitTest>
    <UnitTest name="NoJackpotNumbers" storage="c:\users\ben.crinion\documents\visual studio 2010\projects\lotteryconsoleapp\lottolibrary.test\bin\debug\lottolibrary.test.dll" id="1ee392f4-6e31-7870-0d0d-75ac6d114858">
      <Execution id="e1cbad00-e57e-45d6-86d2-6f3f80b0f939" />
      <TestMethod codeBase="c:/users/ben.crinion/documents/visual studio 2010/Projects/LotteryConsoleApp/LottoLibrary.Test/bin/Debug/LottoLibrary.Test.DLL" adapterTypeName="Microsoft.VisualStudio.TestTools.TestTypes.Unit.UnitTestAdapter, Microsoft.VisualStudio.QualityTools.Tips.UnitTest.Adapter, Version=10.0.0.0, Culture=neutral, PublicKeyToken=b03f5f7f11d50a3a" className="LottoLibrary.Test.ILottoCollectionTest, LottoLibrary.Test, Version=1.0.0.0, Culture=neutral, PublicKeyToken=null" name="NoJackpotNumbers" />
    </UnitTest>
    <UnitTest name="NotEnoughNumbers" storage="c:\users\ben.crinion\documents\visual studio 2010\projects\lotteryconsoleapp\lottolibrary.test\bin\debug\lottolibrary.test.dll" id="0bf5c479-8892-ecb9-5dd3-85785d297e7b">
      <Execution id="d476691e-83e2-4495-b41f-00449a9d176c" />
      <TestMethod codeBase="c:/users/ben.crinion/documents/visual studio 2010/Projects/LotteryConsoleApp/LottoLibrary.Test/bin/Debug/LottoLibrary.Test.DLL" adapterTypeName="Microsoft.VisualStudio.TestTools.TestTypes.Unit.UnitTestAdapter, Microsoft.VisualStudio.QualityTools.Tips.UnitTest.Adapter, Version=10.0.0.0, Culture=neutral, PublicKeyToken=b03f5f7f11d50a3a" className="LottoLibrary.Test.ILottoCollectionTest, LottoLibrary.Test, Version=1.0.0.0, Culture=neutral, PublicKeyToken=null" name="NotEnoughNumbers" />
    </UnitTest>
    <UnitTest name="NumbersTooLow" storage="c:\users\ben.crinion\documents\visual studio 2010\projects\lotteryconsoleapp\lottolibrary.test\bin\debug\lottolibrary.test.dll" id="202e97fb-f7c2-a2f3-69e9-33ccb936ff8d">
      <Execution id="2c163174-e52b-4bb0-b706-8d9dde11824c" />
      <TestMethod codeBase="c:/users/ben.crinion/documents/visual studio 2010/Projects/LotteryConsoleApp/LottoLibrary.Test/bin/Debug/LottoLibrary.Test.DLL" adapterTypeName="Microsoft.VisualStudio.TestTools.TestTypes.Unit.UnitTestAdapter, Microsoft.VisualStudio.QualityTools.Tips.UnitTest.Adapter, Version=10.0.0.0, Culture=neutral, PublicKeyToken=b03f5f7f11d50a3a" className="LottoLibrary.Test.ILottoCollectionTest, LottoLibrary.Test, Version=1.0.0.0, Culture=neutral, PublicKeyToken=null" name="NumbersTooLow" />
    </UnitTest>
    <UnitTest name="TooManyNumbers" storage="c:\users\ben.crinion\documents\visual studio 2010\projects\lotteryconsoleapp\lottolibrary.test\bin\debug\lottolibrary.test.dll" id="058bc887-496a-f62c-2e6e-b08a3a4e48f7">
      <Execution id="1390d387-90eb-45bf-b336-40f3adba84d8" />
      <TestMethod codeBase="c:/users/ben.crinion/documents/visual studio 2010/Projects/LotteryConsoleApp/LottoLibrary.Test/bin/Debug/LottoLibrary.Test.DLL" adapterTypeName="Microsoft.VisualStudio.TestTools.TestTypes.Unit.UnitTestAdapter, Microsoft.VisualStudio.QualityTools.Tips.UnitTest.Adapter, Version=10.0.0.0, Culture=neutral, PublicKeyToken=b03f5f7f11d50a3a" className="LottoLibrary.Test.ILottoCollectionTest, LottoLibrary.Test, Version=1.0.0.0, Culture=neutral, PublicKeyToken=null" name="TooManyNumbers" />
    </UnitTest>
    <UnitTest name="WinsAnythingWithLoosingNumbers" storage="c:\users\ben.crinion\documents\visual studio 2010\projects\lotteryconsoleapp\lottolibrary.test\bin\debug\lottolibrary.test.dll" id="1b8a81e2-4754-bf93-9cbe-10427aea37be">
      <Execution id="dfb4964b-e4d2-452d-9304-4722cb866710" />
      <TestMethod codeBase="c:/users/ben.crinion/documents/visual studio 2010/Projects/LotteryConsoleApp/LottoLibrary.Test/bin/Debug/LottoLibrary.Test.DLL" adapterTypeName="Microsoft.VisualStudio.TestTools.TestTypes.Unit.UnitTestAdapter, Microsoft.VisualStudio.QualityTools.Tips.UnitTest.Adapter, Version=10.0.0.0, Culture=neutral, PublicKeyToken=b03f5f7f11d50a3a" className="LottoLibrary.Test.ILottoCollectionTest, LottoLibrary.Test, Version=1.0.0.0, Culture=neutral, PublicKeyToken=null" name="WinsAnythingWithLoosingNumbers" />
    </UnitTest>
    <UnitTest name="JackpotWinningNumbers" storage="c:\users\ben.crinion\documents\visual studio 2010\projects\lotteryconsoleapp\lottolibrary.test\bin\debug\lottolibrary.test.dll" id="eee311c0-4f78-1d7e-9065-58f84daea136">
      <Execution id="422d35b1-dedd-486c-a3de-b69e6a724d1a" />
      <TestMethod codeBase="c:/users/ben.crinion/documents/visual studio 2010/Projects/LotteryConsoleApp/LottoLibrary.Test/bin/Debug/LottoLibrary.Test.DLL" adapterTypeName="Microsoft.VisualStudio.TestTools.TestTypes.Unit.UnitTestAdapter, Microsoft.VisualStudio.QualityTools.Tips.UnitTest.Adapter, Version=10.0.0.0, Culture=neutral, PublicKeyToken=b03f5f7f11d50a3a" className="LottoLibrary.Test.ILottoCollectionTest, LottoLibrary.Test, Version=1.0.0.0, Culture=neutral, PublicKeyToken=null" name="JackpotWinningNumbers" />
    </UnitTest>
    <UnitTest name="NotUniqueNumbers" storage="c:\users\ben.crinion\documents\visual studio 2010\projects\lotteryconsoleapp\lottolibrary.test\bin\debug\lottolibrary.test.dll" id="59af4567-ed2f-c98d-3d92-a1658e2751e8">
      <Execution id="f9d05b7f-88f5-433a-a318-b257ca389a8f" />
      <TestMethod codeBase="c:/users/ben.crinion/documents/visual studio 2010/Projects/LotteryConsoleApp/LottoLibrary.Test/bin/Debug/LottoLibrary.Test.DLL" adapterTypeName="Microsoft.VisualStudio.TestTools.TestTypes.Unit.UnitTestAdapter, Microsoft.VisualStudio.QualityTools.Tips.UnitTest.Adapter, Version=10.0.0.0, Culture=neutral, PublicKeyToken=b03f5f7f11d50a3a" className="LottoLibrary.Test.ILottoCollectionTest, LottoLibrary.Test, Version=1.0.0.0, Culture=neutral, PublicKeyToken=null" name="NotUniqueNumbers" />
    </UnitTest>
    <UnitTest name="NumbersTooHigh" storage="c:\users\ben.crinion\documents\visual studio 2010\projects\lotteryconsoleapp\lottolibrary.test\bin\debug\lottolibrary.test.dll" id="dde654c9-9fbc-bb1f-941d-3c1d7204e476">
      <Execution id="730e4c9c-2e68-4b12-9c3d-f8149f003f96" />
      <TestMethod codeBase="c:/users/ben.crinion/documents/visual studio 2010/Projects/LotteryConsoleApp/LottoLibrary.Test/bin/Debug/LottoLibrary.Test.DLL" adapterTypeName="Microsoft.VisualStudio.TestTools.TestTypes.Unit.UnitTestAdapter, Microsoft.VisualStudio.QualityTools.Tips.UnitTest.Adapter, Version=10.0.0.0, Culture=neutral, PublicKeyToken=b03f5f7f11d50a3a" className="LottoLibrary.Test.ILottoCollectionTest, LottoLibrary.Test, Version=1.0.0.0, Culture=neutral, PublicKeyToken=null" name="NumbersTooHigh" />
    </UnitTest>
    <UnitTest name="WinsAnythingWithJackpotWinningNumbers" storage="c:\users\ben.crinion\documents\visual studio 2010\projects\lotteryconsoleapp\lottolibrary.test\bin\debug\lottolibrary.test.dll" id="596ca0d1-2651-e990-55d4-1e55613610f2">
      <Execution id="b304ed06-a858-4e21-9dc7-27100d46872c" />
      <TestMethod codeBase="c:/users/ben.crinion/documents/visual studio 2010/Projects/LotteryConsoleApp/LottoLibrary.Test/bin/Debug/LottoLibrary.Test.DLL" adapterTypeName="Microsoft.VisualStudio.TestTools.TestTypes.Unit.UnitTestAdapter, Microsoft.VisualStudio.QualityTools.Tips.UnitTest.Adapter, Version=10.0.0.0, Culture=neutral, PublicKeyToken=b03f5f7f11d50a3a" className="LottoLibrary.Test.ILottoCollectionTest, LottoLibrary.Test, Version=1.0.0.0, Culture=neutral, PublicKeyToken=null" name="WinsAnythingWithJackpotWinningNumbers" />
    </UnitTest>
  </TestDefinitions>
  <TestLists>
    <TestList name="Results Not in a List" id="8c84fa94-04c1-424b-9868-57a2d4851a1d" />
    <TestList name="All Loaded Results" id="19431567-8539-422a-85d7-44ee4e166bda" />
  </TestLists>
  <TestEntries>
    <TestEntry testId="058bc887-496a-f62c-2e6e-b08a3a4e48f7" executionId="1390d387-90eb-45bf-b336-40f3adba84d8" testListId="8c84fa94-04c1-424b-9868-57a2d4851a1d" />
    <TestEntry testId="0bf5c479-8892-ecb9-5dd3-85785d297e7b" executionId="d476691e-83e2-4495-b41f-00449a9d176c" testListId="8c84fa94-04c1-424b-9868-57a2d4851a1d" />
    <TestEntry testId="1b8a81e2-4754-bf93-9cbe-10427aea37be" executionId="dfb4964b-e4d2-452d-9304-4722cb866710" testListId="8c84fa94-04c1-424b-9868-57a2d4851a1d" />
    <TestEntry testId="1ee392f4-6e31-7870-0d0d-75ac6d114858" executionId="e1cbad00-e57e-45d6-86d2-6f3f80b0f939" testListId="8c84fa94-04c1-424b-9868-57a2d4851a1d" />
    <TestEntry testId="202e97fb-f7c2-a2f3-69e9-33ccb936ff8d" executionId="2c163174-e52b-4bb0-b706-8d9dde11824c" testListId="8c84fa94-04c1-424b-9868-57a2d4851a1d" />
    <TestEntry testId="41010dad-1f69-61f2-4f81-1da59e142c9b" executionId="56eb1871-8488-466a-914c-786b5f14277e" testListId="8c84fa94-04c1-424b-9868-57a2d4851a1d" />
    <TestEntry testId="596ca0d1-2651-e990-55d4-1e55613610f2" executionId="b304ed06-a858-4e21-9dc7-27100d46872c" testListId="8c84fa94-04c1-424b-9868-57a2d4851a1d" />
    <TestEntry testId="59af4567-ed2f-c98d-3d92-a1658e2751e8" executionId="f9d05b7f-88f5-433a-a318-b257ca389a8f" testListId="8c84fa94-04c1-424b-9868-57a2d4851a1d" />
    <TestEntry testId="5a683157-0afc-bdff-b16c-8f6692afdee2" executionId="58d1e824-faa5-41c8-8c5d-e27cece1da3c" testListId="8c84fa94-04c1-424b-9868-57a2d4851a1d" />
    <TestEntry testId="dde654c9-9fbc-bb1f-941d-3c1d7204e476" executionId="730e4c9c-2e68-4b12-9c3d-f8149f003f96" testListId="8c84fa94-04c1-424b-9868-57a2d4851a1d" />
    <TestEntry testId="eee311c0-4f78-1d7e-9065-58f84daea136" executionId="422d35b1-dedd-486c-a3de-b69e6a724d1a" testListId="8c84fa94-04c1-424b-9868-57a2d4851a1d" />
  </TestEntries>
  <Results>
    <UnitTestResult executionId="1390d387-90eb-45bf-b336-40f3adba84d8" testId="058bc887-496a-f62c-2e6e-b08a3a4e48f7" testName="TooManyNumbers" computerName="SAGE010582" duration="00:00:00.0140445" startTime="2011-12-19T16:53:22.2756095+00:00" endTime="2011-12-19T16:53:22.5126332+00:00" testType="13cdc9d9-ddb5-4fa4-a97d-d965ccfc6d4b" outcome="Passed" testListId="8c84fa94-04c1-424b-9868-57a2d4851a1d" relativeResultsDirectory="1390d387-90eb-45bf-b336-40f3adba84d8">
    </UnitTestResult>
    <UnitTestResult executionId="d476691e-83e2-4495-b41f-00449a9d176c" testId="0bf5c479-8892-ecb9-5dd3-85785d297e7b" testName="NotEnoughNumbers" computerName="SAGE010582" duration="00:00:00.0004417" startTime="2011-12-19T16:53:22.5136333+00:00" endTime="2011-12-19T16:53:22.5166336+00:00" testType="13cdc9d9-ddb5-4fa4-a97d-d965ccfc6d4b" outcome="Passed" testListId="8c84fa94-04c1-424b-9868-57a2d4851a1d" relativeResultsDirectory="d476691e-83e2-4495-b41f-00449a9d176c">
    </UnitTestResult>
    <UnitTestResult executionId="dfb4964b-e4d2-452d-9304-4722cb866710" testId="1b8a81e2-4754-bf93-9cbe-10427aea37be" testName="WinsAnythingWithLoosingNumbers" computerName="SAGE010582" duration="00:00:00.0209508" startTime="2011-12-19T16:53:22.5206340+00:00" endTime="2011-12-19T16:53:22.5436363+00:00" testType="13cdc9d9-ddb5-4fa4-a97d-d965ccfc6d4b" outcome="Passed" testListId="8c84fa94-04c1-424b-9868-57a2d4851a1d" relativeResultsDirectory="dfb4964b-e4d2-452d-9304-4722cb866710">
    </UnitTestResult>
    <UnitTestResult executionId="e1cbad00-e57e-45d6-86d2-6f3f80b0f939" testId="1ee392f4-6e31-7870-0d0d-75ac6d114858" testName="NoJackpotNumbers" computerName="SAGE010582" duration="00:00:02.9091849" startTime="2011-12-19T16:53:22.5446364+00:00" endTime="2011-12-19T16:53:25.4559275+00:00" testType="13cdc9d9-ddb5-4fa4-a97d-d965ccfc6d4b" outcome="Passed" testListId="8c84fa94-04c1-424b-9868-57a2d4851a1d" relativeResultsDirectory="e1cbad00-e57e-45d6-86d2-6f3f80b0f939">
    </UnitTestResult>
    <UnitTestResult executionId="2c163174-e52b-4bb0-b706-8d9dde11824c" testId="202e97fb-f7c2-a2f3-69e9-33ccb936ff8d" testName="NumbersTooLow" computerName="SAGE010582" duration="00:00:00.0004523" startTime="2011-12-19T16:53:25.4579277+00:00" endTime="2011-12-19T16:53:25.4609280+00:00" testType="13cdc9d9-ddb5-4fa4-a97d-d965ccfc6d4b" outcome="Passed" testListId="8c84fa94-04c1-424b-9868-57a2d4851a1d" relativeResultsDirectory="2c163174-e52b-4bb0-b706-8d9dde11824c">
    </UnitTestResult>
    <UnitTestResult executionId="56eb1871-8488-466a-914c-786b5f14277e" testId="41010dad-1f69-61f2-4f81-1da59e142c9b" testName="LoadAllDrawsTest" computerName="SAGE010582" duration="00:00:02.8837381" startTime="2011-12-19T16:53:25.4619281+00:00" endTime="2011-12-19T16:53:28.3482167+00:00" testType="13cdc9d9-ddb5-4fa4-a97d-d965ccfc6d4b" outcome="Passed" testListId="8c84fa94-04c1-424b-9868-57a2d4851a1d" relativeResultsDirectory="56eb1871-8488-466a-914c-786b5f14277e">
    </UnitTestResult>
    <UnitTestResult executionId="b304ed06-a858-4e21-9dc7-27100d46872c" testId="596ca0d1-2651-e990-55d4-1e55613610f2" testName="WinsAnythingWithJackpotWinningNumbers" computerName="SAGE010582" duration="00:00:00.0189354" startTime="2011-12-19T16:53:28.3492168+00:00" endTime="2011-12-19T16:53:28.3712190+00:00" testType="13cdc9d9-ddb5-4fa4-a97d-d965ccfc6d4b" outcome="Passed" testListId="8c84fa94-04c1-424b-9868-57a2d4851a1d" relativeResultsDirectory="b304ed06-a858-4e21-9dc7-27100d46872c">
    </UnitTestResult>
    <UnitTestResult executionId="f9d05b7f-88f5-433a-a318-b257ca389a8f" testId="59af4567-ed2f-c98d-3d92-a1658e2751e8" testName="NotUniqueNumbers" computerName="SAGE010582" duration="00:00:00.0004567" startTime="2011-12-19T16:53:28.3722191+00:00" endTime="2011-12-19T16:53:28.3742193+00:00" testType="13cdc9d9-ddb5-4fa4-a97d-d965ccfc6d4b" outcome="Passed" testListId="8c84fa94-04c1-424b-9868-57a2d4851a1d" relativeResultsDirectory="f9d05b7f-88f5-433a-a318-b257ca389a8f">
    </UnitTestResult>
    <UnitTestResult executionId="58d1e824-faa5-41c8-8c5d-e27cece1da3c" testId="5a683157-0afc-bdff-b16c-8f6692afdee2" testName="NotInitialised" computerName="SAGE010582" duration="00:00:00.0004611" startTime="2011-12-19T16:53:28.3752194+00:00" endTime="2011-12-19T16:53:28.3782197+00:00" testType="13cdc9d9-ddb5-4fa4-a97d-d965ccfc6d4b" outcome="Passed" testListId="8c84fa94-04c1-424b-9868-57a2d4851a1d" relativeResultsDirectory="58d1e824-faa5-41c8-8c5d-e27cece1da3c">
    </UnitTestResult>
    <UnitTestResult executionId="730e4c9c-2e68-4b12-9c3d-f8149f003f96" testId="dde654c9-9fbc-bb1f-941d-3c1d7204e476" testName="NumbersTooHigh" computerName="SAGE010582" duration="00:00:00.0003872" startTime="2011-12-19T16:53:28.3792198+00:00" endTime="2011-12-19T16:53:28.3822201+00:00" testType="13cdc9d9-ddb5-4fa4-a97d-d965ccfc6d4b" outcome="Passed" testListId="8c84fa94-04c1-424b-9868-57a2d4851a1d" relativeResultsDirectory="730e4c9c-2e68-4b12-9c3d-f8149f003f96">
    </UnitTestResult>
    <UnitTestResult executionId="422d35b1-dedd-486c-a3de-b69e6a724d1a" testId="eee311c0-4f78-1d7e-9065-58f84daea136" testName="JackpotWinningNumbers" computerName="SAGE010582" duration="00:00:02.8982907" startTime="2011-12-19T16:53:28.3822201+00:00" endTime="2011-12-19T16:53:31.2835102+00:00" testType="13cdc9d9-ddb5-4fa4-a97d-d965ccfc6d4b" outcome="Passed" testListId="8c84fa94-04c1-424b-9868-57a2d4851a1d" relativeResultsDirectory="422d35b1-dedd-486c-a3de-b69e6a724d1a">
    </UnitTestResult>
  </Results>
</TestRun>